// Jest Snapshot v1, https://goo.gl/fbAQLP

exports[`xmlappend should append 1 doc 1`] = `"<?xml version=\\"1.0\\" encoding=\\"utf-8\\"?><root><child/><child/><child-doc11/><child-doc12/></root>"`;

exports[`xmlappend should append 1 doc to empty root 1`] = `"<root><child-doc11/><child-doc12/></root>"`;

exports[`xmlappend should append 1 doc with comment 1`] = `"<?xml version=\\"1.0\\" encoding=\\"utf-8\\"?><root><child/><child/><child-doc21/><child-doc22/></root>"`;

exports[`xmlappend should append 2 docs 1`] = `"<?xml version=\\"1.0\\" encoding=\\"utf-8\\"?><root><child/><child/><child-doc11/><child-doc12/><child-doc21/><child-doc22/></root>"`;

exports[`xmlappend should append 2 docs in different order 1`] = `"<?xml version=\\"1.0\\" encoding=\\"utf-8\\"?><root><child/><child/><child-doc21/><child-doc22/><child-doc11/><child-doc12/></root>"`;

exports[`xmlappend should escape entities in attributes 1`] = `"<?xml version=\\"1.0\\" encoding=\\"utf-8\\"?><root target-attr=\\"&apos;\\"><child/><child/><child-doc21 attr=\\"&quot;\\"/><child-doc22/></root>"`;
